C_ADD_FRIEND 51026
C_ADMIN 28210
C_APPLY_PARTY 61580
C_ASK_INTERACTIVE 27812
C_BAN_PARTY_MEMBER 39497
C_BIND_ITEM_BEGIN_PROGRESS 59076
C_BIND_ITEM_EXECUTE 35461
C_BLOCK_USER 21771
C_CANCEL_CHANGE_USER_APPEARANCE 30465
C_CANCEL_CONTRACT 44663
C_CANCEL_SKILL 21656
C_CAN_LOCKON_TARGET 27387
C_CHANGE_PARTY_MANAGER 43132
C_CHANGE_PARTY_MEMBER_AUTHORITY 33479
C_CHAT 31734
C_CHECK_VERSION 19900
C_COMMIT_CHANGE_USER_APPEARANCE 48537
C_COMPLETE_DAILY_EVENT 63469
C_COMPLETE_EXTRA_EVENT 43087
C_CONFIRM_UPDATE_NOTIFICATION 45699
C_CREST_APPLY 44534
C_CREST_APPLY_LIST 22591
C_DELETE_FRIEND 50031
C_DEL_ITEM 53902
C_DIALOG 32238
C_DISMISS_PARTY 52191
C_END_CLIMBING 59526
C_GACHA_CANCEL 29509
C_GACHA_TRY 45246
C_GET_IN_SHUTTLE 60091
C_GET_OUT_SHUTTLE 51685
C_GET_USER_LIST 48500
C_HIT_USER_PROJECTILE 44221
C_INVITE_USER_TO_GUILD 59477
C_ITEM_COLORING_SET_COLOR 52676
C_LEAVE_PARTY 32457
C_LEAVE_PRIVATE_CHANNEL 61192
C_LOAD_TOPO_FIN 20562
C_LOGIN_ARBITER 62975
C_MERGE_ITEM 35971
C_MERGE_ITEM_EXECUTE 58296
C_NOTIFY_LOCATION_IN_ACTION 63471
C_NOTIFY_LOCATION_IN_DASH 48044
C_NOTIMELINE_SKILL 59187
C_NPC_CONTACT 35080
C_OP_COMMAND 25386
C_PARTY_APPLICATION_DENIED 41605
C_PLAYER_FLYING_LOCATION 43555
C_PLAYER_LOCATION 52599
C_PRESS_SKILL 22559
C_PUT_WARE_ITEM 52821
C_REGISTER_ENCHANT_ITEM 40147
C_REGISTER_EVOLUTION_ITEM 55052
C_REGISTER_PARTY_INFO 60310
C_REMOVE_BLOCKED_USER 27173
C_REPLY_THROUGH_ARBITER_CONTRACT 63097
C_REQUEST_ABNORMALITY_TOOLTIP_VALUE 21803
C_REQUEST_CANDIDATE_LIST 39094
C_REQUEST_CONTRACT 35758
C_REQUEST_ENCHANT 63466
C_REQUEST_EVOLUTION 55353
C_REQUEST_GAMESTAT_PING 20307
C_REQUEST_NONDB_ITEM_INFO 34718
C_REQUEST_PARTY_INFO 43876
C_REQUEST_PARTY_MATCH_INFO 59167
C_REQUEST_PARTY_MATCH_INFO_PAGE 25606
C_REQUEST_PARTY_MATCH_LINK 41031
C_REQUEST_PRIVATE_CHANNEL_INFO 27128
C_REQUEST_USER_PAPERDOLL_INFO 45695
C_REQUEST_USER_PAPERDOLL_INFO_WITH_GAMEID 53864
C_RESET_ALL_DUNGEON 35942
C_RETURN_TO_LOBBY 35793
C_REVIVE_NOW 54270
C_RQ_COMMIT_DECOMPOSITION_CONTRACT 47019
C_RQ_SKILL_POLISHING_CHANGE_OPTION 24212
C_RQ_START_SOCIAL_ON_PROGRESS_DECOMPOSITION 60765
C_SAVE_CLIENT_ACCOUNT_SETTING 29064
C_SAVE_CLIENT_USER_SETTING 45092
C_SECOND_PASSWORD_AUTH 51889
C_SELECT_USER 25878
C_SET_VISIBLE_RANGE 50490
C_SHOW_ITEMLIST 39746
C_SHOW_ITEM_TOOLTIP_EX 44262
C_SKILL_LEARN_LIST 55159
C_SKILL_LEARN_REQUEST 23104
C_SOCIAL 36737
C_START_COMBO_INSTANT_SKILL 48989
C_START_ENCHANT 27246
C_START_EVOLUTION 59541
C_START_INSTANCE_SKILL 39394
C_START_INSTANCE_SKILL_EX 47578
C_START_PRODUCE 57374
C_START_SKILL 63232
C_START_TARGETED_SKILL 33138
C_TRADE_BROKER_DEAL_CONFIRM 43350
C_TRADE_BROKER_REJECT_SUGGEST 29629
C_UNMOUNT_VEHICLE 46788
C_UNREGISTER_ENCHANT_ITEM 28277
C_UNREGISTER_EVOLUTION_ITEM 38470
C_UNREGISTER_PARTY_INFO 31162
C_UPDATE_FRIEND_INFO 28964
C_UPDATE_REACTION_POS 28115
C_USE_ITEM 59721
C_USE_PREMIUM_SLOT 25312
C_VIEW_WARE 48163
C_VISIT_NEW_SECTION 28011
C_WHISPER 64837
S_ABNORMALITY_BEGIN 63043
S_ABNORMALITY_DAMAGE_ABSORB 22732
S_ABNORMALITY_END 22853
S_ABNORMALITY_FAIL 52721
S_ABNORMALITY_REFRESH 64611
S_ABNORMALITY_RESIST 49292
S_ABNORMALITY_SCALE_UP 41074
S_ABNORMALITY_TOOLTIP_VALUE 56102
S_ACCEPT_CONTRACT 46658
S_ACCOMPLISH_ACHIEVEMENT 23253
S_ACCOUNT_PACKAGE_LIST 34588
S_ACTION_END 42051
S_ACTION_STAGE 51861
S_ADMIN_HOLD_CHARACTER 33339
S_AERO 27572
S_AIR_REACTION_END 22215
S_ANNOUNCE_UPDATE_NOTIFICATION 46845
S_ANSWER_INTERACTIVE 46022
S_APPLY_TITLE 23155
S_ASK_BIDDING_RARE_ITEM 44100
S_ASK_TELEPORT 36018
S_AVAILABLE_EVENT_MATCHING_LIST 22264
S_AVAILABLE_SOCIAL_LIST 44588
S_BAN_PARTY 32271
S_BAN_PARTY_MEMBER 29919
S_BATTLE_FIELD_ENTRANCE_INFO 49366
S_BATTLE_FIELD_POINT_STORE_SELL_LIST 24280
S_BEGIN_THROUGH_ARBITER_CONTRACT 56521
S_BOSS_GAGE_INFO 43647
S_CANCEL_CONTRACT 49203
S_CANNOT_START_SKILL 53066
S_CAN_LOCKON_TARGET 61859
S_CHANGE_DESTPOS_PROJECTILE 48478
S_CHANGE_EP_EXP_DAILY_LIMIT 47382
S_CHANGE_EP_POINT 40007
S_CHANGE_FRIEND_STATE 56902
S_CHANGE_GUILD_CHIEF 56718
S_CHANGE_PARTY_MANAGER 28319
S_CHANGE_VOICE_USE_QAC 51024
S_CHAT 45773
S_CHECK_TO_READY_PARTY 26074
S_CHECK_TO_READY_PARTY_FIN 26037
S_CHECK_VERSION 19901
S_CLEAR_ALL_HOLDED_ABNORMALITY 38241
S_COLLECTION_PICKEND 57558
S_COLLECTION_PICKSTART 35199
S_COMPLETE_EVENT_MATCHING_QUEST 39486
S_CONNECT_SKILL_ARROW 24951
S_CREATURE_CHANGE_HP 60256
S_CREATURE_LIFE 47149
S_CREATURE_ROTATE 32950
S_CREST_APPLY 53045
S_CREST_INFO 53299
S_CREST_MESSAGE 42063
S_CURRENT_CHANNEL 46997
S_CUSTOM_STYLE_SYSTEM_MESSAGE 25355
S_DEAD_LOCATION 23405
S_DECREASE_COOLTIME_SKILL 48024
S_DEFEND_SUCCESS 57300
S_DELETE_FRIEND 45334
S_DESPAWN_BONFIRE 22784
S_DESPAWN_BUILD_OBJECT 41382
S_DESPAWN_COLLECTION 43334
S_DESPAWN_DROPITEM 65175
S_DESPAWN_EVENT_SEED 36804
S_DESPAWN_NPC 59574
S_DESPAWN_PROJECTILE 46915
S_DESPAWN_SHUTTLE 21668
S_DESPAWN_USER 34160
S_DESTROY_GUILD_TOWER 24893
S_DIALOG 44528
S_DUNGEON_CAMERA_SET 53247
S_DUNGEON_CLEAR_COUNT_LIST 40413
S_DUNGEON_COOL_TIME_LIST 39953
S_DUNGEON_EVENT_MESSAGE 31470
S_EACH_SKILL_RESULT 55115
S_ENABLE_DISABLE_SELLABLE_ITEM_LIST 45466
S_END_CHANGE_USER_APPEARANCE 48329
S_END_PRODUCE 53394
S_END_USER_PROJECTILE 49516
S_ENTER_DUNGEON 22384
S_EP_SYSTEM_DAILY_EVENT_EXP_ON_OFF 35161
S_EXIT 59438
S_F2P_PremiumUser_Permission 49873
S_FACIAL_ATTACHMENT_BROADCAST 59111
S_FATIGABILITY_POINT 32991
S_FEARMOVE_END 42222
S_FEARMOVE_STAGE 29190
S_FIELD_EVENT_ON_ENTER 23729
S_FIELD_EVENT_ON_LEAVE 29247
S_FIELD_EVENT_PROGRESS_INFO 29134
S_FIELD_POINT_INFO 53982
S_FIN_INTER_PARTY_MATCH 20981
S_FIX_VEHICLE_PROGRESS 40301
S_FONT_SWAP_INFO 56457
S_FRIEND_LIST 20667
S_GACHA_END 22786
S_GACHA_START 24109
S_GET_IN_SHUTTLE 27554
S_GET_OUT_SHUTTLE 46498
S_GET_USER_GUILD_LOGO 45724
S_GET_USER_LIST 64705
S_GMEVENT_GUIDE_MESSAGE 48739
S_GMEVENT_OX_QUIZ_OPEN 45966
S_GMEVENT_OX_QUIZ_RESULT 26191
S_GMEVENT_RECV_REWARD 25832
S_GRANT_SKILL 32345
S_GROUP_NPC_LOCATION 20433
S_GUILD_MEMBER_LIST 64637
S_GUILD_NAME 31181
S_GUILD_STORE_SELL_LIST 27311
S_GUILD_TOWER_INFO 26106
S_HIT_COMBO 24137
S_HOLD_ABNORMALITY_ADD 61402
S_IMAGE_DATA 45567
S_INSTANCE_ARROW 45402
S_INSTANT_DASH 59483
S_INSTANT_MOVE 34889
S_INVEN_CHANGEDSLOT 38359
S_INVEN_USERDATA 64750
S_ITEMLIST 57009
S_ITEM_COLORING_BAG 51588
S_ITEM_CUSTOM_STRING 49649
S_ITEM_EXPLOSION_RESULT 39987
S_JOIN_PRIVATE_CHANNEL 41664
S_LEARN_EP_PERK 22396
S_LEAVE_GUILD 44429
S_LEAVE_PARTY 29610
S_LEAVE_PARTY_MEMBER 54136
S_LEAVE_PRIVATE_CHANNEL 49811
S_LOADING_SCREEN_CONTROL_INFO 26006
S_LOAD_ACHIEVEMENT_LIST 23189
S_LOAD_CLIENT_ACCOUNT_SETTING 27762
S_LOAD_CLIENT_USER_SETTING 30406
S_LOAD_DUNGEON_SOUND_HINT 60026
S_LOAD_EP_INFO 49601
S_LOAD_TOPO 31225
S_LOCKON_YOU 24813
S_LOGIN 30267
S_LOGIN_ACCOUNT_INFO 39061
S_LOGOUT_PARTY_MEMBER 22950
S_MOUNT_VEHICLE 53411
S_MOUNT_VEHICLE_EX 39198
S_MOVE_SHUTTLE 32633
S_MUTE 21959
S_NOCTAN_VARIATION_INFO 29899
S_NOTIFY_GUILD_QUEST_URGENT 40488
S_NOTIFY_TO_FRIENDS_WALK_INTO_SAME_AREA 35975
S_NPCGUILD_LIST 32920
S_NPC_CHANGE_MESH 37659
S_NPC_LOCATION 62689
S_NPC_MENU_SELECT 26444
S_NPC_OCCUPIER_INFO 37111
S_NPC_STATUS 62932
S_NPC_TARGET_USER 32972
S_OPEN_AWESOMIUM_WEB_URL 23091
S_OTHER_USER_APPLY_PARTY 56055
S_PARTY_INFO 54803
S_PARTY_MARKER 21891
S_PARTY_MATCH_LINK 25302
S_PARTY_MEMBER_ABNORMAL_ADD 28627
S_PARTY_MEMBER_ABNORMAL_CLEAR 28622
S_PARTY_MEMBER_ABNORMAL_DEL 59459
S_PARTY_MEMBER_ABNORMAL_REFRESH 36205
S_PARTY_MEMBER_BUFF_UPDATE 38815
S_PARTY_MEMBER_CHANGE_HP 23312
S_PARTY_MEMBER_CHANGE_MP 20352
S_PARTY_MEMBER_CHANGE_STAMINA 47749
S_PARTY_MEMBER_INFO 63121
S_PARTY_MEMBER_INTERVAL_POS_UPDATE 23374
S_PARTY_MEMBER_LIST 33568
S_PARTY_MEMBER_QUEST_DATA 53156
S_PARTY_MEMBER_STAT_UPDATE 62499
S_PLAYER_CHANGE_ACTPOINT 23630
S_PLAYER_CHANGE_ALL_PROF 63027
S_PLAYER_CHANGE_EP 36714
S_PLAYER_CHANGE_EXP 53098
S_PLAYER_CHANGE_FLIGHT_ENERGY 43075
S_PLAYER_CHANGE_MP 48817
S_PLAYER_CHANGE_PROF 32368
S_PLAYER_CHANGE_STAMINA 31165
S_PLAYER_RESET_EP 32116
S_PLAYER_STAT_UPDATE 30783
S_PLAY_ANIMATION 47124
S_PLAY_EFFECT 37775
S_PLAY_EVENT_SOUND 53310
S_PLAY_MOVIE 59341
S_PLAY_SOUND 34234
S_PLAY_SOUND_BYNAME 48247
S_POINT_STORE_SELL_LIST 61346
S_POST_PROCESS 42108
S_PREMIUM_SLOT_DATALIST 62008
S_PREMIUM_SLOT_OFF 63349
S_PREPARE_EXIT 45889
S_PREPARE_RETURN_TO_LOBBY 43659
S_PRIVATE_CHANNEL_NOTICE 60414
S_PRIVATE_CHAT 22603
S_PRODUCE_CRITICAL 31166
S_QUEST_BALLOON 32067
S_QUEST_VILLAGER_INFO 38707
S_REGISTER_ENCHANT_ITEM 36200
S_REGISTER_EVOLUTION_ITEM 38230
S_REJECT_CONTRACT 28898
S_REMOVE_EFFECT 54034
S_REPLY_CLIENT_CHAT_OPTION_SETTING 34712
S_REPLY_NONDB_ITEM_INFO 59366
S_REPLY_REQUEST_CONTRACT 29110
S_REQUEST_CITY_WAR_MAP_INFO 35554
S_REQUEST_CITY_WAR_MAP_INFO_DETAIL 24708
S_REQUEST_CONTRACT 24548
S_REQUEST_DESPAWN_SERVANT 58956
S_REQUEST_PRIVATE_CHANNEL_INFO 41826
S_REQUEST_REACTION_POS_TICK 47708
S_REQUEST_SECOND_PASSWORD_AUTH 28849
S_REQUEST_SERVANT_INFO_LIST 60987
S_REQUEST_SPAWN_SERVANT 59613
S_RESET_EP_PERK 40462
S_RESPONSE_GAMESTAT_PONG 50017
S_RESULT_BIDDING_DICE_THROW 36484
S_RESULT_EVENT_SEED 49314
S_RESULT_ITEM_BIDDING 48345
S_RETURN_TO_LOBBY 39418
S_RP_SKILL_POLISHING_LIST 20682
S_SELECT_USER 21623
S_SHORTCUT_CHANGE 54514
S_SHOW_AWESOMIUMWEB_SHOP 61439
S_SHOW_CANDIDATE_LIST 59608
S_SHOW_HP 47891
S_SHOW_ITEM_TOOLTIP 57955
S_SHOW_PARTY_MATCH_INFO 37941
S_SHOW_PEGASUS_MAP 32255
S_SHOW_USER_EP_INFO 34213
S_SKILL_ATTENTION_TARGET 37072
S_SKILL_CATEGORY 52492
S_SKILL_LEARN_LIST 37791
S_SKILL_LEARN_RESULT 37646
S_SKILL_LIST 32162
S_SOCIAL 32207
S_SPAWN_BONFIRE 45425
S_SPAWN_BUILD_OBJECT 45927
S_SPAWN_COLLECTION 34759
S_SPAWN_DOOR 52476
S_SPAWN_DROPITEM 25344
S_SPAWN_EVENT_SEED 63042
S_SPAWN_ME 26581
S_SPAWN_NPC 49445
S_SPAWN_PROJECTILE 21678
S_SPAWN_SHUTTLE 52861
S_SPAWN_USER 37541
S_SPAWN_WORKOBJECT 32792
S_START_ACTION_SCRIPT 45649
S_START_CHANGE_USER_APPEARANCE 26322
S_START_CLIENT_CUSTOM_SKILL 35187
S_START_CLIMBING 34268
S_START_COOLTIME_ITEM 24047
S_START_COOLTIME_SKILL 64778
S_START_INVERSE_CAPTURE 40138
S_START_PRODUCE 36103
S_START_USER_PROJECTILE 42434
S_STEER_DEBUG_COMMAND 27332
S_STICK_TO_USER_END 62863
S_STICK_TO_USER_START 61532
S_STORE_SELL_LIST 41606
S_SUCCESS_COUNTER 52651
S_SYSTEM_MESSAGE 40559
S_SYSTEM_MESSAGE_LOOT_ITEM 20575
S_SYSTEM_MESSAGE_LOOT_SPECIAL_ITEM 60053
S_TARGET_INFO 45556
S_TBA_SELECT_USER 54244
S_TELEPORT_TO_CAMP 52871
S_TIMEOVER_CONTRACT 51135
S_TRADE_BROKER_DEAL_INFO_UPDATE 40852
S_TRADE_BROKER_DEAL_SUGGESTED 26899
S_TRADE_BROKER_REQUEST_DEAL_RESULT 43653
S_UNICAST_TRANSFORM_DATA 47842
S_UNMOUNT_VEHICLE 20850
S_UNMOUNT_VEHICLE_EX 45371
S_UPDATE_ACHIEVEMENT_PROGRESS 51639
S_UPDATE_EVENT_SEED_STATE 27806
S_UPDATE_FRIEND_INFO 29017
S_UPDATE_GUILD_QUEST_STATUS 27753
S_UPDATE_NPCGUILD 50604
S_USER_APPEARANCE_CHANGE 33513
S_USER_BLOCK_LIST 63464
S_USER_CHANGE_FACE_CUSTOM 29137
S_USER_CHANGE_NAME 47175
S_USER_DEATH 56679
S_USER_EFFECT 52470
S_USER_EXTERNAL_CHANGE 40329
S_USER_LEVELUP 40633
S_USER_LOCATION 34794
S_USER_LOCATION_IN_ACTION 57743
S_USER_MOVETYPE 58493
S_USER_PAPERDOLL_INFO 48164
S_USER_SITUATION 35252
S_USER_STATUS 59830
S_USER_WEAPON_APPEARANCE_CHANGE 34257
S_VIEW_PARTY_INVITE 58144
S_VIEW_WARE_EX 44481
S_VISIT_NEW_SECTION 54586
S_VOTE_RESET_ALL_DUNGEON 64899
S_WEAK_POINT 23174
S_WHISPER 47322
TTB_S_CHANGE_HERO 41425
TTB_S_LOAD_EP_PAGE 40317